19:01:34:671 [SpringApplicationShutdownHook] INFO  o.s.boot.tomcat.GracefulShutdown - Commencing graceful shutdown. Waiting for active requests to complete
19:01:34:697 [tomcat-shutdown] INFO  o.s.boot.tomcat.GracefulShutdown - Graceful shutdown complete
19:01:39:459 [main] INFO  c.R.journalapp.JournalApplication - Starting JournalApplication using Java 25.0.2 with PID 25360 (C:\Users\rohit koshyari\Desktop\AAII\SpringBoot\journalApp\target\classes started by rohit koshyari in C:\Users\rohit koshyari\Desktop\AAII\SpringBoot\journalApp)
19:01:39:463 [main] INFO  c.R.journalapp.JournalApplication - The following 1 profile is active: "dev"
19:01:40:724 [main] INFO  o.s.d.r.c.RepositoryConfigurationDelegate - Bootstrapping Spring Data MongoDB repositories in DEFAULT mode.
19:01:40:802 [main] INFO  o.s.d.r.c.RepositoryConfigurationDelegate - Finished Spring Data repository scanning in 68 ms. Found 2 MongoDB repository interfaces.
19:01:41:545 [main] INFO  o.s.boot.tomcat.TomcatWebServer - Tomcat initialized with port 8080 (http)
19:01:41:561 [main] INFO  o.a.coyote.http11.Http11NioProtocol - Initializing ProtocolHandler ["http-nio-8080"]
19:01:41:564 [main] INFO  o.a.catalina.core.StandardService - Starting service [Tomcat]
19:01:41:564 [main] INFO  o.a.catalina.core.StandardEngine - Starting Servlet engine: [Apache Tomcat/11.0.18]
19:01:41:646 [main] INFO  o.s.b.w.c.s.WebApplicationContextInitializer - Root WebApplicationContext: initialization completed in 2105 ms
19:01:42:354 [main] INFO  org.mongodb.driver.client - MongoClient with metadata {"application": {"name": "Cluster0"}, "driver": {"name": "mongo-java-driver|spring-boot|sync", "version": "5.6.3"}, "os": {"type": "Windows", "name": "Windows 11", "architecture": "amd64", "version": "10.0"}, "platform": "Java/Oracle Corporation/25.0.2+10-LTS-69"} created with settings MongoClientSettings{readPreference=primary, writeConcern=WriteConcern{w=null, wTimeout=null ms, journal=null}, retryWrites=true, retryReads=true, readConcern=ReadConcern{level=null}, credential=MongoCredential{mechanism=null, userName='Rohit', source='admin', password=<hidden>, mechanismProperties=<hidden>}, transportSettings=null, commandListeners=[io.micrometer.core.instrument.binder.mongodb.MongoMetricsCommandListener@41be8db9], codecRegistry=ProvidersCodecRegistry{codecProviders=[ValueCodecProvider{}, BsonValueCodecProvider{}, DBRefCodecProvider{}, DBObjectCodecProvider{}, DocumentCodecProvider{}, CollectionCodecProvider{}, IterableCodecProvider{}, MapCodecProvider{}, GeoJsonCodecProvider{}, GridFSFileCodecProvider{}, Jsr310CodecProvider{}, JsonObjectCodecProvider{}, BsonCodecProvider{}, com.mongodb.client.model.mql.ExpressionCodecProvider@2c2a7d53, com.mongodb.Jep395RecordCodecProvider@46524ebe, com.mongodb.KotlinCodecProvider@1de85972, EnumCodecProvider{}]}, loggerSettings=LoggerSettings{maxDocumentLength=1000}, clusterSettings={hosts=[127.0.0.1:27017], srvHost=cluster0.0jnpmh7.mongodb.net, srvServiceName=mongodb, mode=MULTIPLE, requiredClusterType=REPLICA_SET, requiredReplicaSetName='atlas-zmeron-shard-0', serverSelector='null', clusterListeners='[]', serverSelectionTimeout='30000 ms', localThreshold='15 ms'}, socketSettings=SocketSettings{connectTimeoutMS=10000, readTimeoutMS=0, receiveBufferSize=0, proxySettings=ProxySettings{host=null, port=null, username=null, password=null}}, heartbeatSocketSettings=SocketSettings{connectTimeoutMS=10000, readTimeoutMS=10000, receiveBufferSize=0, proxySettings=ProxySettings{host=null, port=null, username=null, password=null}}, connectionPoolSettings=ConnectionPoolSettings{maxSize=100, minSize=0, maxWaitTimeMS=120000, maxConnectionLifeTimeMS=0, maxConnectionIdleTimeMS=0, maintenanceInitialDelayMS=0, maintenanceFrequencyMS=60000, connectionPoolListeners=[io.micrometer.core.instrument.binder.mongodb.MongoMetricsConnectionPoolListener@280ecc33], maxConnecting=2}, serverSettings=ServerSettings{heartbeatFrequencyMS=10000, minHeartbeatFrequencyMS=500, serverMonitoringMode=AUTO, serverListeners='[]', serverMonitorListeners='[]'}, sslSettings=SslSettings{enabled=true, invalidHostNameAllowed=false, context=null}, applicationName='Cluster0', compressorList=[], uuidRepresentation=UNSPECIFIED, serverApi=null, autoEncryptionSettings=null, dnsClient=null, inetAddressResolver=null, contextProvider=null, timeoutMS=null}
19:01:42:455 [cluster-ClusterId{value='69baa93e2b765ab65c2965df', description='Cluster0'}-srv-cluster0.0jnpmh7.mongodb.net] INFO  org.mongodb.driver.cluster - Adding discovered server ac-7hp2rbg-shard-00-02.0jnpmh7.mongodb.net:27017 to client view of cluster
19:01:42:494 [cluster-ClusterId{value='69baa93e2b765ab65c2965df', description='Cluster0'}-srv-cluster0.0jnpmh7.mongodb.net] INFO  org.mongodb.driver.cluster - Adding discovered server ac-7hp2rbg-shard-00-00.0jnpmh7.mongodb.net:27017 to client view of cluster
19:01:42:495 [cluster-ClusterId{value='69baa93e2b765ab65c2965df', description='Cluster0'}-srv-cluster0.0jnpmh7.mongodb.net] INFO  org.mongodb.driver.cluster - Adding discovered server ac-7hp2rbg-shard-00-01.0jnpmh7.mongodb.net:27017 to client view of cluster
19:01:42:755 [main] INFO  org.mongodb.driver.cluster - Waiting for server to become available for operation createIndexes with ID 5. Remaining time: 29987 ms. Selector: WritableServerSelector, topology description: {type=REPLICA_SET, servers=[{address=ac-7hp2rbg-shard-00-02.0jnpmh7.mongodb.net:27017, type=UNKNOWN, state=CONNECTING}, {address=ac-7hp2rbg-shard-00-00.0jnpmh7.mongodb.net:27017, type=UNKNOWN, state=CONNECTING}, {address=ac-7hp2rbg-shard-00-01.0jnpmh7.mongodb.net:27017, type=UNKNOWN, state=CONNECTING}].
19:01:43:831 [cluster-ClusterId{value='69baa93e2b765ab65c2965df', description='Cluster0'}-ac-7hp2rbg-shard-00-00.0jnpmh7.mongodb.net:27017] INFO  org.mongodb.driver.cluster - Monitor thread successfully connected to server with description ServerDescription{address=ac-7hp2rbg-shard-00-00.0jnpmh7.mongodb.net:27017, type=REPLICA_SET_SECONDARY, cryptd=false, state=CONNECTED, ok=true, minWireVersion=0, maxWireVersion=25, maxDocumentSize=16777216, logicalSessionTimeoutMinutes=30, roundTripTimeNanos=545780700, minRoundTripTimeNanos=0, setName='atlas-zmeron-shard-0', canonicalAddress=ac-7hp2rbg-shard-00-00.0jnpmh7.mongodb.net:27017, hosts=[ac-7hp2rbg-shard-00-00.0jnpmh7.mongodb.net:27017, ac-7hp2rbg-shard-00-01.0jnpmh7.mongodb.net:27017, ac-7hp2rbg-shard-00-02.0jnpmh7.mongodb.net:27017], passives=[], arbiters=[], primary='ac-7hp2rbg-shard-00-02.0jnpmh7.mongodb.net:27017', tagSet=TagSet{[Tag{name='availabilityZone', value='aps1-az1'}, Tag{name='diskState', value='READY'}, Tag{name='nodeType', value='ELECTABLE'}, Tag{name='provider', value='AWS'}, Tag{name='region', value='AP_SOUTH_1'}, Tag{name='workloadType', value='OPERATIONAL'}]}, electionId=null, setVersion=10, topologyVersion=TopologyVersion{processId=69b2d8fa540ffca93d72e64a, counter=4}, lastWriteDate=Wed Mar 18 19:01:44 IST 2026, lastUpdateTimeNanos=6561680473500}
19:01:43:831 [cluster-ClusterId{value='69baa93e2b765ab65c2965df', description='Cluster0'}-ac-7hp2rbg-shard-00-02.0jnpmh7.mongodb.net:27017] INFO  org.mongodb.driver.cluster - Monitor thread successfully connected to server with description ServerDescription{address=ac-7hp2rbg-shard-00-02.0jnpmh7.mongodb.net:27017, type=REPLICA_SET_PRIMARY, cryptd=false, state=CONNECTED, ok=true, minWireVersion=0, maxWireVersion=25, maxDocumentSize=16777216, logicalSessionTimeoutMinutes=30, roundTripTimeNanos=432407300, minRoundTripTimeNanos=0, setName='atlas-zmeron-shard-0', canonicalAddress=ac-7hp2rbg-shard-00-02.0jnpmh7.mongodb.net:27017, hosts=[ac-7hp2rbg-shard-00-00.0jnpmh7.mongodb.net:27017, ac-7hp2rbg-shard-00-01.0jnpmh7.mongodb.net:27017, ac-7hp2rbg-shard-00-02.0jnpmh7.mongodb.net:27017], passives=[], arbiters=[], primary='ac-7hp2rbg-shard-00-02.0jnpmh7.mongodb.net:27017', tagSet=TagSet{[Tag{name='availabilityZone', value='aps1-az3'}, Tag{name='diskState', value='READY'}, Tag{name='nodeType', value='ELECTABLE'}, Tag{name='provider', value='AWS'}, Tag{name='region', value='AP_SOUTH_1'}, Tag{name='workloadType', value='OPERATIONAL'}]}, electionId=7fffffff0000000000000014, setVersion=10, topologyVersion=TopologyVersion{processId=69b2dc1361ead9946f2babac, counter=6}, lastWriteDate=Wed Mar 18 19:01:44 IST 2026, lastUpdateTimeNanos=6561680532100}
19:01:43:831 [cluster-ClusterId{value='69baa93e2b765ab65c2965df', description='Cluster0'}-ac-7hp2rbg-shard-00-01.0jnpmh7.mongodb.net:27017] INFO  org.mongodb.driver.cluster - Monitor thread successfully connected to server with description ServerDescription{address=ac-7hp2rbg-shard-00-01.0jnpmh7.mongodb.net:27017, type=REPLICA_SET_SECONDARY, cryptd=false, state=CONNECTED, ok=true, minWireVersion=0, maxWireVersion=25, maxDocumentSize=16777216, logicalSessionTimeoutMinutes=30, roundTripTimeNanos=547261600, minRoundTripTimeNanos=0, setName='atlas-zmeron-shard-0', canonicalAddress=ac-7hp2rbg-shard-00-01.0jnpmh7.mongodb.net:27017, hosts=[ac-7hp2rbg-shard-00-00.0jnpmh7.mongodb.net:27017, ac-7hp2rbg-shard-00-01.0jnpmh7.mongodb.net:27017, ac-7hp2rbg-shard-00-02.0jnpmh7.mongodb.net:27017], passives=[], arbiters=[], primary='ac-7hp2rbg-shard-00-02.0jnpmh7.mongodb.net:27017', tagSet=TagSet{[Tag{name='availabilityZone', value='aps1-az2'}, Tag{name='diskState', value='READY'}, Tag{name='nodeType', value='ELECTABLE'}, Tag{name='provider', value='AWS'}, Tag{name='region', value='AP_SOUTH_1'}, Tag{name='workloadType', value='OPERATIONAL'}]}, electionId=null, setVersion=10, topologyVersion=TopologyVersion{processId=69b2decb9834eeab61d5a5e9, counter=3}, lastWriteDate=Wed Mar 18 19:01:44 IST 2026, lastUpdateTimeNanos=6561680473300}
19:01:43:835 [cluster-ClusterId{value='69baa93e2b765ab65c2965df', description='Cluster0'}-ac-7hp2rbg-shard-00-02.0jnpmh7.mongodb.net:27017] INFO  org.mongodb.driver.cluster - Discovered replica set primary ac-7hp2rbg-shard-00-02.0jnpmh7.mongodb.net:27017 with max election id 7fffffff0000000000000014 and max set version 10
19:01:45:290 [main] INFO  o.s.s.c.a.a.c.InitializeUserDetailsBeanManagerConfigurer$InitializeUserDetailsManagerConfigurer - Global AuthenticationManager configured with UserDetailsService bean with name userServiceDetailIMPL
19:01:46:221 [main] INFO  o.s.b.a.e.web.EndpointLinksResolver - Exposing 1 endpoint beneath base path '/actuator'
19:01:46:302 [main] INFO  o.a.coyote.http11.Http11NioProtocol - Starting ProtocolHandler ["http-nio-8080"]
19:01:46:320 [main] INFO  o.s.boot.tomcat.TomcatWebServer - Tomcat started on port 8080 (http) with context path '/'
19:01:46:335 [main] INFO  c.R.journalapp.JournalApplication - Started JournalApplication in 7.543 seconds (process running for 8.992)
19:01:46:893 [RMI TCP Connection(3)-10.172.200.74] INFO  o.a.c.c.C.[Tomcat].[localhost].[/] - Initializing Spring DispatcherServlet 'dispatcherServlet'
19:01:46:893 [RMI TCP Connection(3)-10.172.200.74] INFO  o.s.web.servlet.DispatcherServlet - Initializing Servlet 'dispatcherServlet'
19:01:46:897 [RMI TCP Connection(3)-10.172.200.74] INFO  o.s.web.servlet.DispatcherServlet - Completed initialization in 4 ms
19:01:47:726 [RMI TCP Connection(1)-10.172.200.74] WARN  o.s.b.m.health.MongoHealthIndicator - MongoDB health check failed
com.mongodb.MongoCommandException: Command execution failed on MongoDB server with error 8000 (AtlasError): '(Unauthorized) not authorized on local to execute command { hello: 1, $db: "local", $clusterTime: { clusterTime: {1773840707 1}, signature: { hash: {0 [94 168 239 125 56 136 220 116 224 211 22 195 87 235 88 205 41 168 190 179]}, keyId: 7568562549780643840.000000 } }, lsid: { id: {4 [196 124 219 134 147 243 78 2 177 172 99 185 54 165 43 235]} } }' on server ac-7hp2rbg-shard-00-02.0jnpmh7.mongodb.net:27017. The full response is {"ok": 0, "errmsg": "(Unauthorized) not authorized on local to execute command { hello: 1, $db: \"local\", $clusterTime: { clusterTime: {1773840707 1}, signature: { hash: {0 [94 168 239 125 56 136 220 116 224 211 22 195 87 235 88 205 41 168 190 179]}, keyId: 7568562549780643840.000000 } }, lsid: { id: {4 [196 124 219 134 147 243 78 2 177 172 99 185 54 165 43 235]} } }", "code": 8000, "codeName": "AtlasError"}
	at com.mongodb.internal.connection.ProtocolHelper.getCommandFailureException(ProtocolHelper.java:210)
	at com.mongodb.internal.connection.InternalStreamConnection.receiveCommandMessageResponse(InternalStreamConnection.java:520)
	at com.mongodb.internal.connection.InternalStreamConnection.sendAndReceiveInternal(InternalStreamConnection.java:448)
	at com.mongodb.internal.connection.InternalStreamConnection.lambda$sendAndReceive$0(InternalStreamConnection.java:375)
	at com.mongodb.internal.connection.InternalStreamConnection.sendAndReceive(InternalStreamConnection.java:378)
	at com.mongodb.internal.connection.UsageTrackingInternalConnection.sendAndReceive(UsageTrackingInternalConnection.java:111)
	at com.mongodb.internal.connection.DefaultConnectionPool$PooledConnection.sendAndReceive(DefaultConnectionPool.java:757)
	at com.mongodb.internal.connection.CommandProtocolImpl.execute(CommandProtocolImpl.java:60)
	at com.mongodb.internal.connection.DefaultServer$DefaultServerProtocolExecutor.execute(DefaultServer.java:207)
	at com.mongodb.internal.connection.DefaultServerConnection.executeProtocol(DefaultServerConnection.java:112)
	at com.mongodb.internal.connection.DefaultServerConnection.command(DefaultServerConnection.java:82)
	at com.mongodb.internal.connection.DefaultServerConnection.command(DefaultServerConnection.java:74)
	at com.mongodb.internal.connection.DefaultServer$OperationCountTrackingConnection.command(DefaultServer.java:297)
	at com.mongodb.internal.operation.SyncOperationHelper.createReadCommandAndExecute(SyncOperationHelper.java:298)
	at com.mongodb.internal.operation.SyncOperationHelper.lambda$executeRetryableRead$3(SyncOperationHelper.java:197)
	at com.mongodb.internal.operation.SyncOperationHelper.lambda$withSourceAndConnection$0(SyncOperationHelper.java:131)
	at com.mongodb.internal.operation.SyncOperationHelper.withSuppliedResource(SyncOperationHelper.java:156)
	at com.mongodb.internal.operation.SyncOperationHelper.lambda$withSourceAndConnection$1(SyncOperationHelper.java:130)
	at com.mongodb.internal.operation.SyncOperationHelper.withSuppliedResource(SyncOperationHelper.java:156)
	at com.mongodb.internal.operation.SyncOperationHelper.withSourceAndConnection(SyncOperationHelper.java:129)
	at com.mongodb.internal.operation.SyncOperationHelper.lambda$executeRetryableRead$4(SyncOperationHelper.java:195)
	at com.mongodb.internal.operation.SyncOperationHelper.lambda$decorateReadWithRetries$13(SyncOperationHelper.java:317)
	at com.mongodb.internal.async.function.RetryingSyncSupplier.get(RetryingSyncSupplier.java:67)
	at com.mongodb.internal.operation.SyncOperationHelper.executeRetryableRead(SyncOperationHelper.java:201)
	at com.mongodb.internal.operation.SyncOperationHelper.executeRetryableRead(SyncOperationHelper.java:180)
	at com.mongodb.internal.operation.CommandReadOperation.execute(CommandReadOperation.java:60)
	at com.mongodb.client.internal.MongoClusterImpl$OperationExecutorImpl.execute(MongoClusterImpl.java:426)
	at com.mongodb.client.internal.MongoDatabaseImpl.executeCommand(MongoDatabaseImpl.java:215)
	at com.mongodb.client.internal.MongoDatabaseImpl.runCommand(MongoDatabaseImpl.java:184)
	at com.mongodb.client.internal.MongoDatabaseImpl.runCommand(MongoDatabaseImpl.java:179)
	at com.mongodb.client.internal.MongoDatabaseImpl.runCommand(MongoDatabaseImpl.java:169)
	at org.springframework.boot.mongodb.health.MongoHealthIndicator.lambda$doHealthCheck$0(MongoHealthIndicator.java:57)
	at com.mongodb.client.internal.MappingIterable.lambda$forEach$0(MappingIterable.java:62)
	at com.mongodb.client.internal.MongoIterableImpl.forEach(MongoIterableImpl.java:144)
	at com.mongodb.client.internal.MappingIterable.forEach(MappingIterable.java:62)
	at org.springframework.boot.mongodb.health.MongoHealthIndicator.doHealthCheck(MongoHealthIndicator.java:56)
	at org.springframework.boot.health.contributor.AbstractHealthIndicator.health(AbstractHealthIndicator.java:80)
	at org.springframework.boot.health.contributor.HealthIndicator.health(HealthIndicator.java:37)
	at org.springframework.boot.health.actuate.endpoint.Contributor$Blocking.getDescriptor(Contributor.java:148)
	at org.springframework.boot.health.actuate.endpoint.Contributor$Blocking.getDescriptor(Contributor.java:126)
	at org.springframework.boot.health.actuate.endpoint.HealthEndpointSupport.getDescriptorAndLogIfSlow(HealthEndpointSupport.java:172)
	at org.springframework.boot.health.actuate.endpoint.HealthEndpointSupport.getDescriptor(HealthEndpointSupport.java:145)
	at org.springframework.boot.health.actuate.endpoint.HealthEndpointSupport.getAggregateDescriptor(HealthEndpointSupport.java:157)
	at org.springframework.boot.health.actuate.endpoint.HealthEndpointSupport.getDescriptor(HealthEndpointSupport.java:141)
	at org.springframework.boot.health.actuate.endpoint.HealthEndpointSupport.getResult(HealthEndpointSupport.java:110)
	at org.springframework.boot.health.actuate.endpoint.HealthEndpointSupport.getResult(HealthEndpointSupport.java:82)
	at org.springframework.boot.health.actuate.endpoint.HealthEndpoint.health(HealthEndpoint.java:80)
	at org.springframework.boot.health.actuate.endpoint.HealthEndpoint.health(HealthEndpoint.java:70)
	at java.base/jdk.internal.reflect.DirectMethodHandleAccessor.invoke(DirectMethodHandleAccessor.java:104)
	at java.base/java.lang.reflect.Method.invoke(Method.java:565)
	at org.springframework.util.ReflectionUtils.invokeMethod(ReflectionUtils.java:281)
	at org.springframework.boot.actuate.endpoint.invoke.reflect.ReflectiveOperationInvoker.invoke(ReflectiveOperationInvoker.java:76)
	at org.springframework.boot.actuate.endpoint.annotation.AbstractDiscoveredOperation.invoke(AbstractDiscoveredOperation.java:62)
	at org.springframework.boot.actuate.endpoint.jmx.EndpointMBean.invoke(EndpointMBean.java:127)
	at org.springframework.boot.actuate.endpoint.jmx.EndpointMBean.invoke(EndpointMBean.java:99)
	at java.management/com.sun.jmx.interceptor.DefaultMBeanServerInterceptor.invoke(DefaultMBeanServerInterceptor.java:628)
	at java.management/com.sun.jmx.mbeanserver.JmxMBeanServer.invoke(JmxMBeanServer.java:790)
	at java.management.rmi/javax.management.remote.rmi.RMIConnectionImpl.doOperationInner(RMIConnectionImpl.java:1401)
	at java.management.rmi/javax.management.remote.rmi.RMIConnectionImpl.doOperation(RMIConnectionImpl.java:1327)
	at java.management.rmi/javax.management.remote.rmi.RMIConnectionImpl.invoke(RMIConnectionImpl.java:790)
	at java.base/jdk.internal.reflect.DirectMethodHandleAccessor.invoke(DirectMethodHandleAccessor.java:104)
	at java.base/java.lang.reflect.Method.invoke(Method.java:565)
	at java.rmi/sun.rmi.server.UnicastServerRef.dispatch(UnicastServerRef.java:351)
	at java.rmi/sun.rmi.transport.Transport.serviceCall(Transport.java:166)
	at java.rmi/sun.rmi.transport.tcp.TCPTransport.handleMessages(TCPTransport.java:543)
	at java.rmi/sun.rmi.transport.tcp.TCPTransport$ConnectionHandler.run0(TCPTransport.java:744)
	at java.rmi/sun.rmi.transport.tcp.TCPTransport$ConnectionHandler.run(TCPTransport.java:623)
	at java.base/java.util.concurrent.ThreadPoolExecutor.runWorker(ThreadPoolExecutor.java:1090)
	at java.base/java.util.concurrent.ThreadPoolExecutor$Worker.run(ThreadPoolExecutor.java:614)
	at java.base/java.lang.Thread.run(Thread.java:1474)
